[www.jump6.com/index.html]
[backblue.gif]
[fade.gif]
[index.html]
[www.jump6.com/wp-content/themes/jump6_com/style.css]
[www.jump6.com/wp-content/themes/jump6_com/images/favicon.ico]
[static.nkpmedical.com/magnific-popup/magnific-popup.css]
[www.jump6.com/wp-includes/css/dist/block-library/style.min3c21.css]
[www.jump6.com/feed/index.html]
[www.jump6.com/wp-content/plugins/contact-form-7/includes/css/styles3c21.css]
[www.jump6.com/wp-content/plugins/patient-before-after-gallery-single/css/photos427e.css]
[www.jump6.com/wp-content/plugins/taxonomy-images/css/styled6c3.css]
[www.jump6.com/wp-includes/js/jquery/jqueryb8ff.js]
[www.jump6.com/wp-includes/js/jquery/jquery-migrate.min330a.js]
[www.jump6.com/wp-json/oembed/1.0/embed0419.json]
[www.jump6.com/wp-json/index.html]
[www.jump6.com/wp-json/oembed/1.0/embedf7fa]
[www.google.com/recaptcha/api423b.js]
[www.jump6.com/866-375-2452]
[www.jump6.com/wp-content/themes/jump6_com/images/jump6_logo.png]
[www.jump6.com/wp-content/themes/jump6_com/images/jump6_before_after_front_page.png]
[www.jump6.com/wp-content/themes/jump6_com/images/about_doctor_bg.png]
[www.jump6.com/wp-content/themes/jump6_com/images/video_img.jpg]
[www.jump6.com/jump6-system-toronto/index.html]
[www.jump6.com/wp-content/themes/jump6_com/images/testimonial_bg_mobile.jpg]
[www.jump6.com/wp-content/themes/jump6_com/images/photogallery_bg_mobile.jpg]
[www.jump6.com/wp-content/themes/jump6_com/images/jump6_logo_footer.png]
[static.nkpmedical.com/stellarnav/stellarnav.min.js]
[www.jump6.com/wp-content/themes/jump6_com/js/custom.js]
[www.jump6.com/jump6-system-toronto/how-does-jump6-work/index.html]
[static.nkpmedical.com/magnific-popup/jquery.magnific-popup.min.js]
[www.jump6.com/jump6-system-toronto/intragastric-balloon-candidates/index.html]
[www.jump6.com/jump6-system-toronto/how-is-jump6-different/index.html]
[www.jump6.com/wp-content/plugins/contact-form-7/includes/js/scripts3c21.js]
[www.jump6.com/jump6-system-toronto/frequently-asked-questions/index.html]
[www.jump6.com/jump6-system-toronto/weight-loss-facts/index.html]
[www.google.com/recaptcha/apiad0d.js]
[www.jump6.com/index.html]
[www.googletagmanager.com/gtm5445.html]
[www.jump6.com/wp-includes/js/wp-embed.min3c21.js]
[www.jump6.com/jump6-system-toronto/media/index.html]
[www.jump6.com/jump6-system-toronto/patient-information-videos/index.html]
[static.nkpmedical.com/unsemantic/css/nkp.min.css]
[www.jump6.com/weight-loss-packages-toronto/index.html]
[static.nkpmedical.com/stellarnav/stellarnav.min.css]
[www.jump6.com/weight-loss-packages-toronto/patients-from-the-us/index.html]
[use.typekit.net/xwe8dcy.css]
[www.jump6.com/wp-content/themes/jump6_com/images/slide1.jpg]
[www.jump6.com/weight-loss-packages-toronto/male-cosmetic-surgery/index.html]
[www.jump6.com/wp-content/themes/jump6_com/images/program_bg.jpg]
[www.jump6.com/wp-content/themes/jump6_com/images/testimonial_bg.jpg]
[www.jump6.com/weight-loss-packages-toronto/beauty-from-the-inside-out/index.html]
[www.jump6.com/wp-content/themes/jump6_com/images/photogallery_bg.jpg]
[www.jump6.com/wp-content/themes/jump6_com/images/mommy_makeovers.jpg]
[www.jump6.com/wp-content/themes/jump6_com/images/men_makeovers.jpg]
[www.jump6.com/wp-content/themes/jump6_com/images/slide1-inner.jpg]
[www.jump6.com/wp-content/themes/jump6_com/images/banner-mobile.jpg]
[www.jump6.com/weight-loss-packages-toronto/mommy-makeover/index.html]
[www.jump6.com/wp-content/themes/jump6_com/images/slide1-inner-mobile.jpg]
[www.jump6.com/wp-content/themes/jump6_com/style.css]
[static.nkpmedical.com/magnific-popup/magnific-popup.css]
[www.jump6.com/wp-includes/css/dist/block-library/style.min3c21.css]
[www.jump6.com/health-fitness-lifestyle-toronto/index.html]
[www.jump6.com/health-fitness-lifestyle-toronto/recipes/index.html]
[www.jump6.com/health-fitness-lifestyle-toronto/intra-gastric-balloon-story/index.html]
[www.jump6.com/health-fitness-lifestyle-toronto/weight-loss-team/index.html]
[www.jump6.com/wp-content/plugins/contact-form-7/images/ajax-loader.gif]
[www.jump6.com/wp-content/plugins/contact-form-7/includes/css/styles3c21.css]
[www.jump6.com/wp-content/plugins/patient-before-after-gallery-single/css/photos427e.css]
[www.jump6.com/wp-content/plugins/taxonomy-images/css/styled6c3.css]
[www.jump6.com/health-fitness-lifestyle-toronto/weight-loss-goal-quiz/index.html]
[www.jump6.com/health-fitness-lifestyle-toronto/nutrition-edition/index.html]
[www.jump6.com/health-fitness-lifestyle-toronto/motivational-fun-facts/index.html]
[www.jump6.com/wp-includes/js/jquery/jqueryb8ff.js]
[www.jump6.com/health-fitness-lifestyle-toronto/food-facts/index.html]
[www.jump6.com/wp-includes/js/jquery/jquery-migrate.min330a.js]
[www.jump6.com/866-375-2452.html]
[www.jump6.com/weight-loss-services-toronto/index.html]
[www.jump6.com/weight-loss-services-toronto/vbloc/index.html]
[www.jump6.com/weight-loss-services-toronto/lap-band/index.html]
[www.jump6.com/weight-loss-services-toronto/gastric-sleeve/index.html]
[www.jump6.com/weight-loss-services-toronto/lap-band-removal/index.html]
[www.jump6.com/contact-weight-loss-surgeon-toronto/index.html]
[www.jump6.com/wp-json/oembed/1.0/embed5468.json]
[www.jump6.com/contact-weight-loss-surgeon-toronto/request-a-consultation/index.html]
[www.jump6.com/intake-form/index.html]
[www.jump6.com/contact-weight-loss-surgeon-toronto/clinic-locations/index.html]
[www.jump6.com/wp-json/oembed/1.0/embeda246]
[www.jump6.com/contact-weight-loss-surgeon-toronto/patient-payment-plans/index.html]
[www.jump6.com/blog/index.html]
[www.jump6.com/health-fitness-lifestyle-toronto/testimonials/index.html]
[www.jump6.com/jump6-system-toronto/866-375-2452]
[www.jump6.com/wp-content/uploads/2019/01/jump_consultation.png]
[www.jump6.com/terms-of-use/index.html]
[www.jump6.com/wp-content/themes/jump6_com/images/testimonial_right_side.jpg]
[www.jump6.com/wp-content/themes/jump6_com/images/photogalery_right_side.jpg]
[www.jump6.com/wp-content/themes/jump6_com/images/video_right_side.jpg]
[www.jump6.com/jump6-system-toronto/index.html]
[www.jump6.com/sitemap/index.html]
[www.jump6.com/privacy-policy/index.html]
[www.jump6.com/wp-json/oembed/1.0/embed8190.json]
[www.jump6.com/thank-you/index.html]
[www.jump6.com/wp-json/oembed/1.0/embed7359]
[www.jump6.com/jump6-system-toronto/how-does-jump6-work/866-375-2452]
[www.jump6.com/wp-content/uploads/2019/01/example3.png]
[www.jump6.com/wp-content/uploads/2019/01/jump6_before_after.png]
[www.jump6.com/jump6-system-toronto/how-does-jump6-work/index.html]
[www.jump6.com/wp-json/oembed/1.0/embeddf7e.json]
[www.jump6.com/wp-json/oembed/1.0/embed8e76]
[www.jump6.com/jump6-system-toronto/intragastric-balloon-candidates/866-375-2452]
[www.jump6.com/jump6-system-toronto/intragastric-balloon-candidates/index.html]
[www.jump6.com/wp-content/uploads/2019/01/jump6_right_for_me.png]
[www.jump6.com/wp-json/oembed/1.0/embedacab.json]
[www.jump6.com/wp-json/oembed/1.0/embed0ac3]
[www.jump6.com/jump6-system-toronto/how-is-jump6-different/866-375-2452]
[www.jump6.com/jump6-system-toronto/how-is-jump6-different/index.html]
[www.jump6.com/wp-content/uploads/2019/01/Jump6-Weight-loss.png]
[www.jump6.com/wp-json/oembed/1.0/embedbcff.json]
[www.jump6.com/wp-json/oembed/1.0/embedd5da]
[www.jump6.com/jump6-system-toronto/frequently-asked-questions/866-375-2452]
[www.jump6.com/wp-content/uploads/2019/01/Form.jpg]
[www.jump6.com/jump6-system-toronto/frequently-asked-questions/index.html]
[www.jump6.com/wp-json/oembed/1.0/embed8491.json]
[www.jump6.com/wp-json/oembed/1.0/embed3026]
[www.jump6.com/jump6-system-toronto/weight-loss-facts/866-375-2452]
[www.jump6.com/jump6-system-toronto/weight-loss-facts/index.html]
[www.jump6.com/wp-json/oembed/1.0/embed0b2b.json]
[www.jump6.com/wp-json/oembed/1.0/embedf880]
[www.jump6.com/jump6-system-toronto/media/866-375-2452]
[www.jump6.com/jump6-system-toronto/media/index.html]
[www.jump6.com/in-the-media/impatience-to-get-thin-sends-some-to-canada/index.html]
[www.jump6.com/category/in-the-media/index.html]
[www.jump6.com/wp-json/oembed/1.0/embed2ca6.json]
[www.jump6.com/in-the-media/she-did-it-carole-rondeau/index.html]
[www.jump6.com/in-the-media/a-blue-way-to-lose-weight/index.html]
[www.jump6.com/in-the-media/gastric-balloon-offers-weight-loss-hope/index.html]
[www.jump6.com/in-the-media/balloon-procedure-helps-reverse-obesity/index.html]
[www.jump6.com/wp-json/oembed/1.0/embeda880]
[www.jump6.com/in-the-media/balloon-treatment-boosts-battle-of-the-bulge/index.html]
[www.jump6.com/jump6-system-toronto/patient-information-videos/866-375-2452]
[www.jump6.com/jump6-system-toronto/patient-information-videos/index.html]
[www.jump6.com/wp-json/oembed/1.0/embed465f.json]
[www.jump6.com/wp-json/oembed/1.0/embed4edb]
[www.jump6.com/weight-loss-packages-toronto/866-375-2452]
[www.jump6.com/weight-loss-packages-toronto/index.html]
[www.jump6.com/wp-content/uploads/2019/01/weight_loss_packages.png]
[www.jump6.com/wp-json/oembed/1.0/embed5975.json]
[www.jump6.com/wp-json/oembed/1.0/embed2252]
[www.jump6.com/weight-loss-packages-toronto/patients-from-the-us/866-375-2452]
[www.jump6.com/cdn-cgi/l/email-protection.html]
[www.jump6.com/weight-loss-packages-toronto/patients-from-the-us/index.html]
[www.jump6.com/cdn-cgi/scripts/5c5dd728/cloudflare-static/email-decode.min.js]
[www.jump6.com/wp-json/oembed/1.0/embed6327.json]
[www.jump6.com/wp-json/oembed/1.0/embed1f06]
[www.jump6.com/weight-loss-packages-toronto/male-cosmetic-surgery/866-375-2452]
[www.jump6.com/wp-content/uploads/2019/01/Gynecomastia.png]
[www.jump6.com/weight-loss-packages-toronto/male-cosmetic-surgery/index.html]
[www.jump6.com/wp-json/oembed/1.0/embedbb30.json]
[www.jump6.com/wp-json/oembed/1.0/embed004b]
[www.jump6.com/weight-loss-packages-toronto/beauty-from-the-inside-out/866-375-2452]
[www.jump6.com/weight-loss-packages-toronto/beauty-from-the-inside-out/index.html]
[www.jump6.com/wp-json/oembed/1.0/embed8bec.json]
[www.jump6.com/wp-json/oembed/1.0/embed8a00]
[www.jump6.com/weight-loss-packages-toronto/mommy-makeover/866-375-2452]
[www.jump6.com/weight-loss-packages-toronto/mommy-makeover/index.html]
[www.jump6.com/wp-content/uploads/2019/01/Breast-lift-and-mummy-make-over-page-248x300.jpg]
[www.jump6.com/wp-json/oembed/1.0/embeda86d.json]
[www.jump6.com/wp-json/oembed/1.0/embeded93]
[www.jump6.com/health-fitness-lifestyle-toronto/866-375-2452]
[www.jump6.com/wp-content/uploads/2019/01/Zhou.png]
[www.jump6.com/wp-content/uploads/2019/01/Elizabeth_before_after.png]
[www.jump6.com/wp-content/uploads/2019/01/cert.png]
[www.jump6.com/health-fitness-lifestyle-toronto/index.html]
[www.jump6.com/wp-json/oembed/1.0/embede4ff.json]
[www.jump6.com/wp-json/oembed/1.0/embedf690]
[www.jump6.com/health-fitness-lifestyle-toronto/recipes/866-375-2452]
[www.jump6.com/health-fitness-lifestyle-toronto/recipes/index.html]
[www.jump6.com/wp-json/oembed/1.0/embedd82e.json]
[www.jump6.com/recipes/mediterranean-3-bean-salad/index.html]
[www.jump6.com/recipes/strawberry-chicken-feta-salad/index.html]
[www.jump6.com/category/recipes/index.html]
[www.jump6.com/recipes/broccoli-apple-salad/index.html]
[www.jump6.com/wp-json/oembed/1.0/embedad0f]
[www.jump6.com/recipes/blt-chicken-salad/index.html]
[www.jump6.com/recipes/kale-super-salad/index.html]
[www.jump6.com/recipes/buffalo-chicken-taco-salad/index.html]
[www.jump6.com/health-fitness-lifestyle-toronto/intra-gastric-balloon-story/866-375-2452]
[www.jump6.com/recipes/kale-recipes/index.html]
[www.jump6.com/recipes/mesclun-mix-with-cranberries-and-walnuts/index.html]
[www.jump6.com/wp-content/uploads/2019/01/Amanda.png]
[www.jump6.com/health-fitness-lifestyle-toronto/intra-gastric-balloon-story/index.html]
[www.jump6.com/recipes/what-is-mesclun-salad/index.html]
[www.jump6.com/recipes/easy-sides/index.html]
[www.jump6.com/wp-json/oembed/1.0/embedb13c.json]
[www.jump6.com/wp-json/oembed/1.0/embed6e5e]
[www.jump6.com/health-fitness-lifestyle-toronto/weight-loss-team/866-375-2452]
[www.jump6.com/wp-content/uploads/2019/01/lee.png]
[www.jump6.com/wp-content/uploads/2019/01/susan.png]
[www.jump6.com/wp-content/uploads/2019/01/punya.png]
[www.jump6.com/wp-content/uploads/2019/01/bianca.png]
[www.jump6.com/wp-content/uploads/2019/01/Joanne-Zhou.png]
[www.jump6.com/wp-content/uploads/2019/01/Robyn.png]
[www.jump6.com/health-fitness-lifestyle-toronto/weight-loss-team/index.html]
[www.jump6.com/contact-weight-loss-surgeon-toronto/jump6-clinic-locations/index.html]
[www.jump6.com/wp-json/oembed/1.0/embedf348.json]
[www.jump6.com/wp-json/oembed/1.0/embed02c0]
[www.jump6.com/health-fitness-lifestyle-toronto/food-facts/866-375-2452]
[www.jump6.com/health-fitness-lifestyle-toronto/food-facts/index.html]
[www.jump6.com/wp-json/oembed/1.0/embed8b78.json]
[www.jump6.com/food-facts/sugar-content-in-fruit/index.html]
[www.jump6.com/category/food-facts/index.html]
[www.jump6.com/food-facts/things-to-eat-after-8pm/index.html]
[www.jump6.com/food-facts/weight-loss-and-staying-motivated/index.html]
[www.jump6.com/wp-json/oembed/1.0/embede805]
[www.jump6.com/food-facts/8-best-fat-burning-foods/index.html]
[www.jump6.com/food-facts/emotions-that-can-lead-to-overeating/index.html]
[www.jump6.com/food-facts/benefits-of-chia-seeds/index.html]
[www.jump6.com/health-fitness-lifestyle-toronto/motivational-fun-facts/866-375-2452]
[www.jump6.com/food-facts/eat-out-and-still-lose-weight/index.html]
[www.jump6.com/food-facts/what-is-gmo/index.html]
[www.jump6.com/wp-content/uploads/2019/01/quotesmotivation.jpg]
[www.jump6.com/health-fitness-lifestyle-toronto/motivational-fun-facts/index.html]
[www.jump6.com/wp-json/oembed/1.0/embedd9da.json]
[www.jump6.com/wp-json/oembed/1.0/embed41b3]
[www.jump6.com/health-fitness-lifestyle-toronto/weight-loss-goal-quiz/866-375-2452]
[www.jump6.com/wp-content/uploads/2019/01/pastedImage.png]
[www.jump6.com/wp-content/uploads/2019/01/list_check.png]
[www.jump6.com/health-fitness-lifestyle-toronto/weight-loss-goal-quiz/index.html]
[www.jump6.com/wp-json/oembed/1.0/embedf146.json]
[www.jump6.com/wp-json/oembed/1.0/embed75a9]
[www.jump6.com/health-fitness-lifestyle-toronto/nutrition-edition/866-375-2452]
[www.jump6.com/health-fitness-lifestyle-toronto/nutrition-edition/index.html]
[www.jump6.com/wp-json/oembed/1.0/embed76cd.json]
[www.jump6.com/category/nutrition-edition/index.html]
[www.jump6.com/nutrition-edition/new-years-resolutions-dos-and-donts/index.html]
[www.jump6.com/nutrition-edition/can-anti-inflammatory-foods-really-help/index.html]
[www.jump6.com/nutrition-edition/list-of-anti-inflammatory-foods/index.html]
[www.jump6.com/wp-json/oembed/1.0/embed1130]
[www.jump6.com/nutrition-edition/kale/index.html]
[www.jump6.com/nutrition-edition/16-under-100-calorie-foods/index.html]
[www.jump6.com/nutrition-edition/what-is-hunger-and-understanding-it/index.html]
[www.jump6.com/weight-loss-services-toronto/866-375-2452]
[www.jump6.com/weight-loss-services-toronto/index.html]
[www.jump6.com/nutrition-edition/are-organic-foods-more-nutritious/index.html]
[www.jump6.com/nutrition-edition/registered-dietitian-vs-nutritionist/index.html]
[www.jump6.com/nutrition-edition/the-real-truth-behind-nutrition-fads/index.html]
[www.jump6.com/wp-json/oembed/1.0/embed9fc7.json]
[www.jump6.com/wp-json/oembed/1.0/embed16d4]
[www.jump6.com/weight-loss-services-toronto/vbloc/866-375-2452]
[www.jump6.com/weight-loss-services-toronto/vbloc/index.html]
[www.jump6.com/wp-json/oembed/1.0/embed5bf1.json]
[www.jump6.com/wp-json/oembed/1.0/embedd415]
[www.jump6.com/weight-loss-services-toronto/lap-band/866-375-2452]
[www.jump6.com/wp-content/uploads/2019/01/band.jpg]
[www.jump6.com/weight-loss-services-toronto/lap-band/index.html]
[www.jump6.com/wp-json/oembed/1.0/embed42f4.json]
[www.jump6.com/wp-json/oembed/1.0/embedd453]
[www.jump6.com/weight-loss-services-toronto/gastric-sleeve/866-375-2452]
[www.jump6.com/weight-loss-services-toronto/gastric-sleeve/index.html]
[www.jump6.com/wp-json/oembed/1.0/embed6639.json]
[www.jump6.com/wp-json/oembed/1.0/embed89bf]
[www.jump6.com/weight-loss-services-toronto/lap-band-removal/866-375-2452]
[www.jump6.com/wp-content/uploads/2019/01/toronto-Lap-Band-Removal.jpg]
[www.jump6.com/weight-loss-services-toronto/lap-band-removal/index.html]
[www.jump6.com/wp-json/oembed/1.0/embed072b.json]
[www.jump6.com/wp-json/oembed/1.0/embed0574]
[www.jump6.com/contact-weight-loss-surgeon-toronto/866-375-2452]
[www.jump6.com/contact-weight-loss-surgeon-toronto/index.html]
[www.jump6.com/wp-json/oembed/1.0/embedb303.json]
[www.jump6.com/wp-json/oembed/1.0/embed3f50]
[www.jump6.com/contact-weight-loss-surgeon-toronto/request-a-consultation/866-375-2452]
[www.jump6.com/contact-weight-loss-surgeon-toronto/request-a-consultation/index.html]
[www.jump6.com/wp-json/oembed/1.0/embedde5d.json]
[www.jump6.com/wp-json/oembed/1.0/embed675b]
[www.jump6.com/intake-form/866-375-2452]
[www.jump6.com/intake-form/index.html]
[www.jump6.com/wp-json/oembed/1.0/embed066b.json]
[www.jump6.com/wp-json/oembed/1.0/embeda56b]
[www.jump6.com/contact-weight-loss-surgeon-toronto/clinic-locations/866-375-2452]
[www.jump6.com/contact-weight-loss-surgeon-toronto/clinic-locations/index.html]
[www.jump6.com/wp-json/oembed/1.0/embeddec9.json]
[www.jump6.com/wp-json/oembed/1.0/embedf637]
[www.jump6.com/contact-weight-loss-surgeon-toronto/patient-payment-plans/866-375-2452]
[www.jump6.com/wp-content/uploads/2019/01/iFinance.png]
[www.jump6.com/contact-weight-loss-surgeon-toronto/patient-payment-plans/index.html]
[www.jump6.com/blog/866-375-2452]
[www.jump6.com/wp-content/uploads/2019/04/weight_stock_1-150x150.jpg]
[www.jump6.com/blog/page/2/index.html]
[www.jump6.com/wp-content/uploads/2019/01/Patience-150x150.jpg]
[www.jump6.com/uncategorized/the-lap-band-system-allows-you-to-lose-weight-effectively/index.html]
[www.jump6.com/wp-content/uploads/2019/01/dos-and-donts-150x150.jpg]
[www.jump6.com/uncategorized/patience-and-hard-work/index.html]
[www.jump6.com/wp-content/uploads/2019/01/Mediterranean-Three-Bean-Quinoa-Salad-4-1-150x150.jpg]
[www.jump6.com/wp-content/uploads/2019/01/Strawberry-Walnut-Feta-Spinach-Salad-1-150x150.jpg]
[www.jump6.com/wp-content/uploads/2019/01/broccoli-apple-salad-8-1-150x150.jpg]
[www.jump6.com/wp-content/uploads/2019/01/blt_chicken-150x150.jpg]
[www.jump6.com/wp-content/uploads/2019/01/kale_super-1-150x150.jpg]
[www.jump6.com/wp-content/uploads/2019/01/buffalo-chicken-taco-salad-recipe-PEASandCRAYONS-edit-2-1-150x150.jpg]
[www.jump6.com/wp-content/uploads/2019/01/The-Best-Kale-Chips-1012x674-1-150x150.jpg]
[www.jump6.com/blog/index.html]
[www.jump6.com/contact-us/index.html]
[www.jump6.com/blog/page/3/index.html]
[www.jump6.com/blog/page/4/index.html]
[www.jump6.com/wp-json/oembed/1.0/embedf0e8.json]
[www.jump6.com/blog/page/6/index.html]
[www.jump6.com/2019/04/index.html]
[www.jump6.com/blog/page/5/index.html]
[www.jump6.com/2019/01/index.html]
[www.jump6.com/wp-json/oembed/1.0/embed32cf]
[www.jump6.com/2017/08/index.html]
[www.jump6.com/2017/07/index.html]
[www.jump6.com/2017/06/index.html]
[www.jump6.com/health-fitness-lifestyle-toronto/testimonials/866-375-2452]
[www.jump6.com/2011/03/index.html]
[www.jump6.com/2011/02/index.html]
[www.jump6.com/wp-content/themes/nkpv2/images/stars.png]
[www.jump6.com/health-fitness-lifestyle-toronto/testimonials/index.html]
[www.jump6.com/2011/01/index.html]
[www.jump6.com/2010/09/index.html]
[www.jump6.com/before-after-photos-toronto/index.html]
[www.jump6.com/2010/05/index.html]
[www.jump6.com/before-after-photos-toronto/patients/index.html]
[www.jump6.com/wp-json/oembed/1.0/embed919e.json]
[www.jump6.com/wp-json/oembed/1.0/embedb6a6]
[www.jump6.com/terms-of-use/866-375-2452]
[www.jump6.com/terms-of-use/index.html]
[www.jump6.com/wp-json/oembed/1.0/embed388f.json]
[www.jump6.com/wp-json/oembed/1.0/embed51c9]
[www.jump6.com/sitemap/866-375-2452]
[www.jump6.com/sitemap/index.html]
[www.jump6.com/hipaa-privacy-policy/index.html]
[www.jump6.com/wp-json/oembed/1.0/embedb503.json]
[www.jump6.com/contact-weight-loss-surgeon-toronto/clinic-locations/dr-alrashid/index.html]
[www.jump6.com/health-fitness-lifestyle-toronto/ready-to-jump-start-your-september/index.html]
[www.jump6.com/wp-json/oembed/1.0/embedb4d6]
[www.jump6.com/privacy-policy/866-375-2452]
[www.jump6.com/privacy-policy/index.html]
[www.jump6.com/wp-content/themes/jump6_com/js/custom.js]
[www.jump6.com/wp-json/oembed/1.0/embedbf37.json]
[www.jump6.com/wp-json/oembed/1.0/embed1212]
[www.jump6.com/thank-you/866-375-2452]
[www.jump6.com/thank-you/index.html]
[www.jump6.com/wp-content/plugins/contact-form-7/includes/js/scripts3c21.js]
[www.jump6.com/wp-includes/js/wp-embed.min3c21.js]
[maxcdn.bootstrapcdn.com/font-awesome/4.7.0/css/font-awesome.min.css]
[static.nkpmedical.com/unsemantic/css/nkp.min.css]
[static.nkpmedical.com/stellarnav/stellarnav.min.css]
[use.typekit.net/af/71f83c/00000000000000003b9b093b/27/l652f]
[use.typekit.net/af/71f83c/00000000000000003b9b093b/27/d652f]
[use.typekit.net/af/71f83c/00000000000000003b9b093b/27/a652f]
[use.typekit.net/af/ed0e78/00000000000000003b9b0931/27/l6129]
[use.typekit.net/af/ed0e78/00000000000000003b9b0931/27/d6129]
[use.typekit.net/af/ed0e78/00000000000000003b9b0931/27/a6129]
[use.typekit.net/af/27776b/00000000000000003b9b0939/27/l5bba]
[use.typekit.net/af/27776b/00000000000000003b9b0939/27/d5bba]
[use.typekit.net/af/27776b/00000000000000003b9b0939/27/a5bba]
[use.typekit.net/af/4838bd/00000000000000003b9b0934/27/le196]
[use.typekit.net/af/4838bd/00000000000000003b9b0934/27/de196]
[use.typekit.net/af/4838bd/00000000000000003b9b0934/27/ae196]
[use.typekit.net/af/437c3d/00000000000000003b9b0932/27/l3eab]
[use.typekit.net/af/437c3d/00000000000000003b9b0932/27/d3eab]
[use.typekit.net/af/437c3d/00000000000000003b9b0932/27/a3eab]
[use.typekit.net/xwe8dcy.css]
[www.jump6.com/indexb5fb.html]
[www.jump6.com/jump6-system-toronto/866-375-2452.html]
[www.jump6.com/index8f79.html]
[www.jump6.com/jump6-system-toronto/how-does-jump6-work/866-375-2452.html]
[www.jump6.com/indexa769.html]
[www.jump6.com/jump6-system-toronto/intragastric-balloon-candidates/866-375-2452.html]
[www.jump6.com/index1366.html]
[www.jump6.com/jump6-system-toronto/how-is-jump6-different/866-375-2452.html]
[www.jump6.com/index054d.html]
[www.jump6.com/jump6-system-toronto/frequently-asked-questions/866-375-2452.html]
[www.jump6.com/indexa238.html]
[www.jump6.com/jump6-system-toronto/weight-loss-facts/866-375-2452.html]
[www.jump6.com/index4601.html]
[www.jump6.com/jump6-system-toronto/media/866-375-2452.html]
[www.jump6.com/wp-json/oembed/1.0/embed0ea7.json]
[www.jump6.com/wp-json/oembed/1.0/embedd54a]
[www.jump6.com/in-the-media/impatience-to-get-thin-sends-some-to-canada/866-375-2452]
[www.jump6.com/in-the-media/impatience-to-get-thin-sends-some-to-canada/index.html]
[www.jump6.com/category/in-the-media/866-375-2452]
[www.jump6.com/category/in-the-media/index.html]
[www.jump6.com/category/in-the-media/feed/index.html]
[www.jump6.com/wp-json/oembed/1.0/embedd58c.json]
[www.jump6.com/wp-json/oembed/1.0/embedafea]
[www.jump6.com/in-the-media/she-did-it-carole-rondeau/866-375-2452]
[www.jump6.com/in-the-media/she-did-it-carole-rondeau/index.html]
[www.jump6.com/wp-json/oembed/1.0/embed342e.json]
[www.jump6.com/wp-json/oembed/1.0/embed05c6]
[www.jump6.com/in-the-media/a-blue-way-to-lose-weight/866-375-2452]
[www.jump6.com/wp-content/uploads/2019/01/EHealthRadio_DrKaila.mp3]
[www.jump6.com/in-the-media/a-blue-way-to-lose-weight/index.html]
[www.jump6.com/wp-json/oembed/1.0/embed4d5d.json]
[www.jump6.com/wp-json/oembed/1.0/embede58c]
[www.jump6.com/in-the-media/gastric-balloon-offers-weight-loss-hope/866-375-2452]
[www.jump6.com/in-the-media/gastric-balloon-offers-weight-loss-hope/index.html]
[www.jump6.com/wp-json/oembed/1.0/embed7d01.json]
[www.jump6.com/wp-json/oembed/1.0/embed1b71]
[www.jump6.com/in-the-media/balloon-procedure-helps-reverse-obesity/866-375-2452]
[www.jump6.com/in-the-media/balloon-procedure-helps-reverse-obesity/index.html]
[www.jump6.com/wp-json/oembed/1.0/embed2d63.json]
[www.jump6.com/wp-json/oembed/1.0/embedeb68]
[www.jump6.com/in-the-media/balloon-treatment-boosts-battle-of-the-bulge/866-375-2452]
[www.jump6.com/in-the-media/balloon-treatment-boosts-battle-of-the-bulge/index.html]
[www.jump6.com/index5fa8.html]
[www.jump6.com/jump6-system-toronto/patient-information-videos/866-375-2452.html]
[www.jump6.com/index64b4.html]
[www.jump6.com/weight-loss-packages-toronto/866-375-2452.html]
[www.jump6.com/index8a4e.html]
[www.jump6.com/weight-loss-packages-toronto/patients-from-the-us/866-375-2452.html]
[www.jump6.com/cdn-cgi/l/email-protection.html]
[www.jump6.com/index428d.html]
[www.jump6.com/weight-loss-packages-toronto/male-cosmetic-surgery/866-375-2452.html]
[www.jump6.com/index585c.html]
[www.jump6.com/weight-loss-packages-toronto/beauty-from-the-inside-out/866-375-2452.html]
[www.jump6.com/index0e8b.html]
[www.jump6.com/weight-loss-packages-toronto/mommy-makeover/866-375-2452.html]
[www.jump6.com/index5757.html]
[www.jump6.com/health-fitness-lifestyle-toronto/866-375-2452.html]
[www.jump6.com/index70b5.html]
[www.jump6.com/health-fitness-lifestyle-toronto/recipes/866-375-2452.html]
[www.jump6.com/wp-json/oembed/1.0/embedffd9.json]
[www.jump6.com/wp-json/oembed/1.0/embed26e7]
[www.jump6.com/recipes/mediterranean-3-bean-salad/866-375-2452]
[www.jump6.com/wp-content/uploads/2019/01/Mediterranean-Three-Bean-Quinoa-Salad-4-1.jpg]
[www.jump6.com/recipes/mediterranean-3-bean-salad/index.html]
[www.jump6.com/category/recipes/866-375-2452]
[www.jump6.com/category/recipes/page/2/index.html]
[www.jump6.com/wp-content/uploads/2019/01/Mixed-Greens-with-Apple-Cranberry-Irish-Cheddar-and-Toasted-Walnuts-1-150x150.jpg]
[www.jump6.com/category/recipes/feed/index.html]
[www.jump6.com/wp-content/uploads/2019/01/1200px-Salade_mesclun_et_chevre_chaud_sur_toasts-1-150x150.jpg]
[www.jump6.com/wp-content/uploads/2019/01/Zucchini-and-Tomato-Bake-1-150x150.jpg]
[www.jump6.com/category/recipes/index.html]
[www.jump6.com/category/recipes/page/3/index.html]
[www.jump6.com/wp-json/oembed/1.0/embedde59.json]
[www.jump6.com/wp-json/oembed/1.0/embedc20d]
[www.jump6.com/recipes/strawberry-chicken-feta-salad/866-375-2452]
[www.jump6.com/wp-content/uploads/2019/01/Strawberry-Walnut-Feta-Spinach-Salad-1.jpg]
[www.jump6.com/recipes/strawberry-chicken-feta-salad/index.html]
[www.jump6.com/wp-json/oembed/1.0/embed0ceb.json]
[www.jump6.com/wp-json/oembed/1.0/embed3c87]
[www.jump6.com/recipes/broccoli-apple-salad/866-375-2452]
[www.jump6.com/wp-content/uploads/2019/01/broccoli-apple-salad-8-1.jpg]
[www.jump6.com/recipes/broccoli-apple-salad/index.html]
[www.jump6.com/wp-json/oembed/1.0/embed7bd4.json]
[www.jump6.com/wp-json/oembed/1.0/embed1d91]
[www.jump6.com/recipes/blt-chicken-salad/866-375-2452]
[www.jump6.com/wp-content/uploads/2019/01/blt_chicken.jpg]
[www.jump6.com/recipes/blt-chicken-salad/index.html]
[www.jump6.com/wp-json/oembed/1.0/embed1808.json]
[www.jump6.com/wp-json/oembed/1.0/embed7a6b]
[www.jump6.com/recipes/kale-super-salad/866-375-2452]
[www.jump6.com/wp-content/uploads/2019/01/kale_super-1.jpg]
[www.jump6.com/recipes/kale-super-salad/index.html]
[www.jump6.com/wp-json/oembed/1.0/embedc688.json]
[www.jump6.com/wp-json/oembed/1.0/embed3ca1]
[www.jump6.com/recipes/buffalo-chicken-taco-salad/866-375-2452]
[www.jump6.com/wp-content/uploads/2019/01/buffalo-chicken-taco-salad-recipe-PEASandCRAYONS-edit-2-1.jpg]
[www.jump6.com/recipes/buffalo-chicken-taco-salad/index.html]
[www.jump6.com/wp-json/oembed/1.0/embed6451.json]
[www.jump6.com/wp-json/oembed/1.0/embed53f8]
[www.jump6.com/recipes/kale-recipes/866-375-2452]
[www.jump6.com/wp-content/uploads/2019/01/The-Best-Kale-Chips-1012x674-1.jpg]
[www.jump6.com/recipes/kale-recipes/index.html]
[www.jump6.com/wp-json/oembed/1.0/embeda318.json]
[www.jump6.com/wp-json/oembed/1.0/embed0f8b]
[www.jump6.com/recipes/mesclun-mix-with-cranberries-and-walnuts/866-375-2452]
[www.jump6.com/wp-content/uploads/2019/01/Mixed-Greens-with-Apple-Cranberry-Irish-Cheddar-and-Toasted-Walnuts-1.jpg]
[www.jump6.com/recipes/mesclun-mix-with-cranberries-and-walnuts/index.html]
[www.jump6.com/wp-json/oembed/1.0/embedc873.json]
[www.jump6.com/wp-json/oembed/1.0/embed7818]
[www.jump6.com/recipes/what-is-mesclun-salad/866-375-2452]
[www.jump6.com/wp-content/uploads/2019/01/1200px-Salade_mesclun_et_chevre_chaud_sur_toasts-1.jpg]
[www.jump6.com/recipes/what-is-mesclun-salad/index.html]
[www.jump6.com/wp-json/oembed/1.0/embedd1f3.json]
[www.jump6.com/wp-json/oembed/1.0/embed0138]
[www.jump6.com/recipes/easy-sides/866-375-2452]
[www.jump6.com/wp-content/uploads/2019/01/Zucchini-and-Tomato-Bake-1.jpg]
[www.jump6.com/recipes/easy-sides/index.html]
[www.jump6.com/index2996.html]
[www.jump6.com/health-fitness-lifestyle-toronto/intra-gastric-balloon-story/866-375-2452.html]
[www.jump6.com/indexc1ae.html]
[www.jump6.com/health-fitness-lifestyle-toronto/weight-loss-team/866-375-2452.html]
[www.jump6.com/contact-weight-loss-surgeon-toronto/jump6-clinic-locations/index.html]
[www.jump6.com/index516c.html]
[www.jump6.com/health-fitness-lifestyle-toronto/food-facts/866-375-2452.html]
[www.jump6.com/wp-json/oembed/1.0/embed2662.json]
[www.jump6.com/wp-json/oembed/1.0/embedd4b3]
[www.jump6.com/food-facts/sugar-content-in-fruit/866-375-2452]
[www.jump6.com/wp-content/uploads/2019/01/sugar-content-in-fruit.png]
[www.jump6.com/food-facts/sugar-content-in-fruit/index.html]
[www.jump6.com/category/food-facts/866-375-2452]
[www.jump6.com/category/food-facts/feed/index.html]
[www.jump6.com/wp-content/uploads/2019/01/sugar-content-in-fruit-150x150.png]
[www.jump6.com/wp-content/uploads/2019/01/Yougurt-1-150x150.png]
[www.jump6.com/wp-content/uploads/2019/01/BLT-1-150x150.jpg]
[www.jump6.com/wp-content/uploads/2019/01/Kale-150x150.jpg]
[www.jump6.com/wp-content/uploads/2019/01/lem-1.jpg]
[www.jump6.com/wp-content/uploads/2019/01/chia_seeds-150x150.png]
[www.jump6.com/wp-content/uploads/2019/01/Brocol-150x150.jpg]
[www.jump6.com/wp-content/uploads/2019/01/What-is-GMO-150x150.png]
[www.jump6.com/category/food-facts/index.html]
[www.jump6.com/wp-json/oembed/1.0/embed27e2.json]
[www.jump6.com/wp-json/oembed/1.0/embed5462]
[www.jump6.com/food-facts/things-to-eat-after-8pm/866-375-2452]
[www.jump6.com/wp-content/uploads/2019/01/Yougurt-1.png]
[www.jump6.com/wp-content/uploads/2019/01/8pm.jpg]
[www.jump6.com/food-facts/things-to-eat-after-8pm/index.html]
[www.jump6.com/wp-json/oembed/1.0/embed8ad3.json]
[www.jump6.com/wp-json/oembed/1.0/embed3ea1]
[www.jump6.com/food-facts/weight-loss-and-staying-motivated/866-375-2452]
[www.jump6.com/wp-content/uploads/2019/01/BLT-1.jpg]
[www.jump6.com/food-facts/weight-loss-and-staying-motivated/index.html]
[www.jump6.com/wp-json/oembed/1.0/embed13cb.json]
[www.jump6.com/wp-json/oembed/1.0/embed7a3b]
[www.jump6.com/food-facts/8-best-fat-burning-foods/866-375-2452]
[www.jump6.com/wp-content/uploads/2019/01/Kale.jpg]
[www.jump6.com/food-facts/8-best-fat-burning-foods/index.html]
[www.jump6.com/wp-json/oembed/1.0/embed9fe1.json]
[www.jump6.com/wp-json/oembed/1.0/embede345]
[www.jump6.com/food-facts/emotions-that-can-lead-to-overeating/866-375-2452]
[www.jump6.com/food-facts/emotions-that-can-lead-to-overeating/index.html]
[www.jump6.com/wp-json/oembed/1.0/embedbe5b.json]
[www.jump6.com/wp-json/oembed/1.0/embeda3c0]
[www.jump6.com/food-facts/benefits-of-chia-seeds/866-375-2452]
[www.jump6.com/wp-content/uploads/2019/01/chia_seeds.png]
[www.jump6.com/food-facts/benefits-of-chia-seeds/index.html]
[www.jump6.com/wp-json/oembed/1.0/embed4497.json]
[www.jump6.com/wp-json/oembed/1.0/embed8eeb]
[www.jump6.com/food-facts/eat-out-and-still-lose-weight/866-375-2452]
[www.jump6.com/wp-content/uploads/2019/01/Brocol.jpg]
[www.jump6.com/food-facts/eat-out-and-still-lose-weight/index.html]
[www.jump6.com/wp-json/oembed/1.0/embed00c0.json]
[www.jump6.com/wp-json/oembed/1.0/embed94d0]
[www.jump6.com/food-facts/what-is-gmo/866-375-2452]
[www.jump6.com/wp-content/uploads/2019/01/What-is-GMO.png]
[www.jump6.com/wp-content/uploads/2019/01/non-gmo.png]
[www.jump6.com/food-facts/what-is-gmo/index.html]
[www.jump6.com/index21b3.html]
[www.jump6.com/health-fitness-lifestyle-toronto/motivational-fun-facts/866-375-2452.html]
[www.jump6.com/indexb9d4.html]
[www.jump6.com/health-fitness-lifestyle-toronto/weight-loss-goal-quiz/866-375-2452.html]
[www.jump6.com/indexadf1.html]
[www.jump6.com/health-fitness-lifestyle-toronto/nutrition-edition/866-375-2452.html]
[www.jump6.com/wp-json/oembed/1.0/embeddb93.json]
[www.jump6.com/wp-json/oembed/1.0/embedd26f]
[www.jump6.com/nutrition-edition/new-years-resolutions-dos-and-donts/866-375-2452]
[www.jump6.com/wp-content/uploads/2019/01/dos-and-donts.jpg]
[www.jump6.com/nutrition-edition/new-years-resolutions-dos-and-donts/index.html]
[www.jump6.com/category/nutrition-edition/866-375-2452]
[www.jump6.com/wp-content/uploads/2019/01/Inflammatory-foods-4-1-150x150.jpg]
[www.jump6.com/category/nutrition-edition/feed/index.html]
[www.jump6.com/wp-content/uploads/2019/01/Kale-150x150.png]
[www.jump6.com/wp-content/uploads/2019/01/yogart-150x150.png]
[www.jump6.com/category/nutrition-edition/index.html]
[www.jump6.com/wp-json/oembed/1.0/embedc7a4.json]
[www.jump6.com/wp-json/oembed/1.0/embed229c]
[www.jump6.com/nutrition-edition/can-anti-inflammatory-foods-really-help/866-375-2452]
[www.jump6.com/wp-content/uploads/2019/01/Inflammatory-foods-4-1.jpg]
[www.jump6.com/wp-content/uploads/2019/01/Anti-Inflammatory-Foods2.jpg]
[www.jump6.com/wp-content/uploads/2019/01/Anti-Inflammatory-Foods3.jpg]
[www.jump6.com/nutrition-edition/can-anti-inflammatory-foods-really-help/index.html]
[www.jump6.com/wp-json/oembed/1.0/embeda0cc.json]
[www.jump6.com/wp-json/oembed/1.0/embedab7a]
[www.jump6.com/nutrition-edition/list-of-anti-inflammatory-foods/866-375-2452]
[www.jump6.com/wp-content/uploads/2019/01/Inflammatory-foods-4.jpg]
[www.jump6.com/nutrition-edition/list-of-anti-inflammatory-foods/index.html]
[www.jump6.com/wp-json/oembed/1.0/embed01f7.json]
[www.jump6.com/wp-json/oembed/1.0/embed125c]
[www.jump6.com/nutrition-edition/kale/866-375-2452]
[www.jump6.com/wp-content/uploads/2019/01/Kale.png]
[www.jump6.com/nutrition-edition/kale/index.html]
[www.jump6.com/wp-json/oembed/1.0/embed422e.json]
[www.jump6.com/wp-json/oembed/1.0/embedf25e]
[www.jump6.com/nutrition-edition/16-under-100-calorie-foods/866-375-2452]
[www.jump6.com/nutrition-edition/16-under-100-calorie-foods/index.html]
[www.jump6.com/wp-json/oembed/1.0/embedfbda.json]
[www.jump6.com/wp-json/oembed/1.0/embed90a1]
[www.jump6.com/nutrition-edition/what-is-hunger-and-understanding-it/866-375-2452]
[www.jump6.com/nutrition-edition/what-is-hunger-and-understanding-it/index.html]
[www.jump6.com/wp-json/oembed/1.0/embed0e67.json]
[www.jump6.com/wp-json/oembed/1.0/embed79e8]
[www.jump6.com/nutrition-edition/the-real-truth-behind-nutrition-fads/866-375-2452]
[www.jump6.com/wp-content/uploads/2019/01/yogart.png]
[www.jump6.com/wp-content/uploads/2019/01/nuitition/sault.png]
[www.jump6.com/wp-content/uploads/2019/01/milk.png]
[www.jump6.com/wp-content/uploads/2019/01/apples.png]
[www.jump6.com/wp-content/uploads/2019/01/flax.png]
[www.jump6.com/wp-content/uploads/2019/01/hemp.png]
[www.jump6.com/nutrition-edition/the-real-truth-behind-nutrition-fads/index.html]
[www.jump6.com/wp-json/oembed/1.0/embed1854.json]
[www.jump6.com/wp-json/oembed/1.0/embedec5b]
[www.jump6.com/nutrition-edition/registered-dietitian-vs-nutritionist/866-375-2452]
[www.jump6.com/nutrition-edition/registered-dietitian-vs-nutritionist/index.html]
[www.jump6.com/wp-json/oembed/1.0/embed2b66.json]
[www.jump6.com/wp-json/oembed/1.0/embede61a]
[www.jump6.com/nutrition-edition/are-organic-foods-more-nutritious/866-375-2452]
[www.jump6.com/nutrition-edition/are-organic-foods-more-nutritious/index.html]
[www.jump6.com/index678b.html]
[www.jump6.com/weight-loss-services-toronto/866-375-2452.html]
[www.jump6.com/indexef8d.html]
[www.jump6.com/weight-loss-services-toronto/vbloc/866-375-2452.html]
[www.jump6.com/indexd40d.html]
[www.jump6.com/weight-loss-services-toronto/lap-band/866-375-2452.html]
[www.jump6.com/indexcc8b.html]
[www.jump6.com/weight-loss-services-toronto/gastric-sleeve/866-375-2452.html]
[www.jump6.com/index6c1f.html]
[www.jump6.com/weight-loss-services-toronto/lap-band-removal/866-375-2452.html]
[www.jump6.com/index2dc4.html]
[www.jump6.com/contact-weight-loss-surgeon-toronto/866-375-2452.html]
[www.jump6.com/index628e.html]
[www.jump6.com/contact-weight-loss-surgeon-toronto/request-a-consultation/866-375-2452.html]
[www.jump6.com/index87f2.html]
[www.jump6.com/intake-form/866-375-2452.html]
[www.jump6.com/index9e5d.html]
[www.jump6.com/contact-weight-loss-surgeon-toronto/clinic-locations/866-375-2452.html]
[www.jump6.com/contact-weight-loss-surgeon-toronto/jump6-clinic-locations/dr-alrashid/index.html]
[www.jump6.com/indexc4d6.html]
[www.jump6.com/contact-weight-loss-surgeon-toronto/patient-payment-plans/866-375-2452.html]
[www.jump6.com/blog/page/2/866-375-2452]
[www.jump6.com/wp-content/uploads/2019/01/oatmeal-150x150.png]
[www.jump6.com/wp-content/uploads/2019/01/oatmeal-berries-1-150x150.jpg]
[www.jump6.com/recipes/for-the-sweet-tooth/index.html]
[www.jump6.com/wp-content/uploads/2019/01/pea-1-150x150.jpg]
[www.jump6.com/recipes/10-food-combinations-for-weigth-loss/index.html]
[www.jump6.com/wp-content/uploads/2019/01/sna-icon.jpg]
[www.jump6.com/recipes/breakfast-recipes/index.html]
[www.jump6.com/wp-content/uploads/2019/01/Sal-150x150.jpg]
[www.jump6.com/recipes/snack-ideas/index.html]
[www.jump6.com/wp-content/uploads/2019/01/cl-150x150.png]
[www.jump6.com/recipes/super-salads/index.html]
[www.jump6.com/wp-content/uploads/2019/01/5-Simple-No-Cook-Snacks-to-Make-this-Week-2-150x150.jpg]
[www.jump6.com/blog/page/2/index.html]
[www.jump6.com/blog/866-375-2452.html]
[www.jump6.com/recipes/what-is-clean-eating/index.html]
[www.jump6.com/recipes/simple-no-cook-snacks/index.html]
[www.jump6.com/wp-json/oembed/1.0/embedab65.json]
[www.jump6.com/wp-json/oembed/1.0/embed554f]
[www.jump6.com/uncategorized/the-lap-band-system-allows-you-to-lose-weight-effectively/866-375-2452]
[www.jump6.com/wp-content/uploads/2019/04/weight_stock_1.jpg]
[www.jump6.com/uncategorized/the-lap-band-system-allows-you-to-lose-weight-effectively/index.html]
[www.jump6.com/wp-json/oembed/1.0/embed5ec5.json]
[www.jump6.com/wp-json/oembed/1.0/embedc426]
[www.jump6.com/uncategorized/patience-and-hard-work/866-375-2452]
[www.jump6.com/wp-content/uploads/2019/01/Patience.jpg]
[www.jump6.com/uncategorized/patience-and-hard-work/index.html]
[www.jump6.com/blog/page/3/866-375-2452]
[www.jump6.com/wp-content/uploads/2019/01/t.jpg]
[www.jump6.com/wp-content/uploads/2019/01/BLT-150x150.jpg]
[www.jump6.com/blog/page/3/index.html]
[www.jump6.com/recipes/5-ways-lemon-apple-cider-boost-weight-loss-wellness/index.html]
[www.jump6.com/recipes/how-to-boost-weight-loss-wellness-a-morning-drink-to-pave-the-way/index.html]
[www.jump6.com/recipes/clean-recipes/index.html]
[www.jump6.com/recipes/healthy-lunch-wraps/index.html]
[www.jump6.com/blog/page/4/866-375-2452]
[www.jump6.com/wp-content/uploads/2019/01/Screen_Shot_2017-02-09_at_10.07.00_AM-150x150.png]
[www.jump6.com/wp-content/uploads/2019/01/blackbean-chili-150x150.png]
[www.jump6.com/blog/page/4/index.html]
[www.jump6.com/recipes/7-delicious-super-healthy-recipes-for-weight-loss/index.html]
[www.jump6.com/recipes/a-clever-way-to-bake-several-flavors-of-chicken-all-at-once/index.html]
[www.jump6.com/recipes/oat-squares/index.html]
[www.jump6.com/recipes/oatmeal-bake-crock-pot-style-soooo-easy/index.html]
[www.jump6.com/recipes/apple-peanut-butter-cookies-love-these/index.html]
[www.jump6.com/recipes/weight-loss-and-fat-burning-smoothies/index.html]
[www.jump6.com/blog/page/5/866-375-2452]
[www.jump6.com/blog/page/5/index.html]
[www.jump6.com/recipes/meal-prep-ideas/index.html]
[www.jump6.com/recipes/black-bean-chili/index.html]
[www.jump6.com/blog/page/6/866-375-2452]
[www.jump6.com/blog/page/6/index.html]
[www.jump6.com/2019/04/866-375-2452]
[www.jump6.com/2019/04/index.html]
[www.jump6.com/2019/01/866-375-2452]
[www.jump6.com/2019/01/index.html]
[www.jump6.com/2019/01/page/2/index.html]
[www.jump6.com/2017/08/866-375-2452]
[www.jump6.com/2017/08/index.html]
[www.jump6.com/2019/01/page/3/index.html]
[www.jump6.com/2019/01/page/4/index.html]
[www.jump6.com/2017/07/866-375-2452]
[www.jump6.com/2017/07/index.html]
[www.jump6.com/2017/06/866-375-2452]
[www.jump6.com/2017/06/index.html]
[www.jump6.com/2011/03/866-375-2452]
[www.jump6.com/2011/03/index.html]
[www.jump6.com/2011/02/866-375-2452]
[www.jump6.com/2011/02/index.html]
[www.jump6.com/2011/01/866-375-2452]
[www.jump6.com/2011/01/index.html]
[www.jump6.com/2010/09/866-375-2452]
[www.jump6.com/2010/09/index.html]
[www.jump6.com/2010/05/866-375-2452]
[www.jump6.com/2010/05/index.html]
[www.jump6.com/indexbb1d.html]
[www.jump6.com/health-fitness-lifestyle-toronto/testimonials/866-375-2452.html]
[www.jump6.com/before-after-photos-toronto/patients/866-375-2452]
[www.jump6.com/before-after-photos-toronto/patients/feed/index.html]
[www.jump6.com/wp-content/uploads/2019/01/100-1of2.jpg]
[www.jump6.com/wp-content/uploads/2019/01/100-2of2.jpg]
[www.jump6.com/before-after-photos-toronto/patients/index.html]
[www.jump6.com/index1c4a.html]
[www.jump6.com/terms-of-use/866-375-2452.html]
[www.jump6.com/index3c55.html]
[www.jump6.com/sitemap/866-375-2452.html]
[www.jump6.com/before-after-photos-toronto/patients/3519/index.html]
[www.jump6.com/wp-json/oembed/1.0/embed8ac2.json]
[www.jump6.com/wp-json/oembed/1.0/embed7617]
[www.jump6.com/contact-weight-loss-surgeon-toronto/clinic-locations/dr-alrashid/866-375-2452]
[www.jump6.com/wp-content/uploads/2019/01/Dr-Arkan-Alrashid.png]
[www.jump6.com/contact-weight-loss-surgeon-toronto/clinic-locations/dr-alrashid/index.html]
[www.jump6.com/wp-json/oembed/1.0/embed3059.json]
[www.jump6.com/wp-json/oembed/1.0/embedfe5d]
[www.jump6.com/health-fitness-lifestyle-toronto/ready-to-jump-start-your-september/866-375-2452]
[www.jump6.com/wp-content/uploads/2019/01/apple.jpg]
[www.jump6.com/wp-content/uploads/2019/01/hand.jpg]
[www.jump6.com/health-fitness-lifestyle-toronto/ready-to-jump-start-your-september/index.html]
[www.jump6.com/wp-json/oembed/1.0/embed4c71.json]
[www.jump6.com/wp-json/oembed/1.0/embed0e42]
[www.jump6.com/hipaa-privacy-policy/866-375-2452]
[www.jump6.com/hipaa-privacy-policy/index.html]
[www.jump6.com/index9cd7.html]
[www.jump6.com/privacy-policy/866-375-2452.html]
[www.jump6.com/index6c46.html]
[www.jump6.com/thank-you/866-375-2452.html]
[maxcdn.bootstrapcdn.com/font-awesome/4.7.0/css/font-awesome.min.css]
[p.typekit.net/p7fa8.css]
[www.jump6.com/index7d7e.html]
[www.jump6.com/in-the-media/impatience-to-get-thin-sends-some-to-canada/866-375-2452.html]
[www.jump6.com/category/in-the-media/866-375-2452.html]
[www.jump6.com/index60fd.html]
[www.jump6.com/in-the-media/she-did-it-carole-rondeau/866-375-2452.html]
[www.jump6.com/index1e06.html]
[www.jump6.com/in-the-media/a-blue-way-to-lose-weight/866-375-2452.html]
[www.jump6.com/index06fe.html]
[www.jump6.com/in-the-media/gastric-balloon-offers-weight-loss-hope/866-375-2452.html]
[www.jump6.com/index1fe5.html]
[www.jump6.com/in-the-media/balloon-procedure-helps-reverse-obesity/866-375-2452.html]
[www.jump6.com/indexfb3f.html]
[www.jump6.com/in-the-media/balloon-treatment-boosts-battle-of-the-bulge/866-375-2452.html]
[www.jump6.com/index89a6.html]
[www.jump6.com/recipes/mediterranean-3-bean-salad/866-375-2452.html]
[www.jump6.com/category/recipes/page/2/866-375-2452]
[www.jump6.com/category/recipes/page/2/index.html]
[www.jump6.com/category/recipes/866-375-2452.html]
[www.jump6.com/category/recipes/page/3/866-375-2452]
[www.jump6.com/category/recipes/page/3/index.html]
[www.jump6.com/index025e.html]
[www.jump6.com/recipes/strawberry-chicken-feta-salad/866-375-2452.html]
[www.jump6.com/index74fd.html]
[www.jump6.com/recipes/broccoli-apple-salad/866-375-2452.html]
[www.jump6.com/indexb6dd.html]
[www.jump6.com/recipes/blt-chicken-salad/866-375-2452.html]
[www.jump6.com/indexa344.html]
[www.jump6.com/recipes/kale-super-salad/866-375-2452.html]
[www.jump6.com/index7129.html]
[www.jump6.com/recipes/buffalo-chicken-taco-salad/866-375-2452.html]
[www.jump6.com/index39b9.html]
[www.jump6.com/recipes/kale-recipes/866-375-2452.html]
[www.jump6.com/index8bf0.html]
[www.jump6.com/recipes/mesclun-mix-with-cranberries-and-walnuts/866-375-2452.html]
[www.jump6.com/index9765.html]
[www.jump6.com/recipes/what-is-mesclun-salad/866-375-2452.html]
[www.jump6.com/indexcaeb.html]
[www.jump6.com/recipes/easy-sides/866-375-2452.html]
[www.jump6.com/index21f1.html]
[www.jump6.com/food-facts/sugar-content-in-fruit/866-375-2452.html]
[www.jump6.com/category/food-facts/866-375-2452.html]
[www.jump6.com/index0e6a.html]
[www.jump6.com/food-facts/things-to-eat-after-8pm/866-375-2452.html]
[www.jump6.com/indexef36.html]
[www.jump6.com/food-facts/weight-loss-and-staying-motivated/866-375-2452.html]
[www.jump6.com/index4677.html]
[www.jump6.com/food-facts/8-best-fat-burning-foods/866-375-2452.html]
[www.jump6.com/index8a01.html]
[www.jump6.com/food-facts/emotions-that-can-lead-to-overeating/866-375-2452.html]
[www.jump6.com/index4f89.html]
[www.jump6.com/food-facts/benefits-of-chia-seeds/866-375-2452.html]
[www.jump6.com/index8a86.html]
[www.jump6.com/food-facts/eat-out-and-still-lose-weight/866-375-2452.html]
[www.jump6.com/indexf87d.html]
[www.jump6.com/food-facts/what-is-gmo/866-375-2452.html]
[www.jump6.com/indexc3b0.html]
[www.jump6.com/nutrition-edition/new-years-resolutions-dos-and-donts/866-375-2452.html]
[www.jump6.com/category/nutrition-edition/866-375-2452.html]
[www.jump6.com/index311e.html]
[www.jump6.com/nutrition-edition/can-anti-inflammatory-foods-really-help/866-375-2452.html]
[www.jump6.com/indexe2d5.html]
[www.jump6.com/nutrition-edition/list-of-anti-inflammatory-foods/866-375-2452.html]
[www.jump6.com/index1ecf.html]
[www.jump6.com/nutrition-edition/kale/866-375-2452.html]
[www.jump6.com/index2d33.html]
[www.jump6.com/nutrition-edition/16-under-100-calorie-foods/866-375-2452.html]
[www.jump6.com/indexf420.html]
[www.jump6.com/nutrition-edition/what-is-hunger-and-understanding-it/866-375-2452.html]
[www.jump6.com/index6734.html]
[www.jump6.com/nutrition-edition/the-real-truth-behind-nutrition-fads/866-375-2452.html]
[www.jump6.com/wp-content/uploads/2019/01/nuitition/sault.html]
[www.jump6.com/indexd57f.html]
[www.jump6.com/nutrition-edition/registered-dietitian-vs-nutritionist/866-375-2452.html]
[www.jump6.com/index410c.html]
[www.jump6.com/nutrition-edition/are-organic-foods-more-nutritious/866-375-2452.html]
[www.jump6.com/blog/page/2/866-375-2452.html]
[www.jump6.com/wp-json/oembed/1.0/embed21c6.json]
[www.jump6.com/wp-json/oembed/1.0/embed5589]
[www.jump6.com/recipes/for-the-sweet-tooth/866-375-2452]
[www.jump6.com/wp-content/uploads/2019/01/oatmeal.png]
[www.jump6.com/wp-content/uploads/2019/01/straberry.png]
[www.jump6.com/wp-content/uploads/2019/01/coolwhip.png]
[www.jump6.com/recipes/for-the-sweet-tooth/index.html]
[www.jump6.com/wp-json/oembed/1.0/embedb7b4.json]
[www.jump6.com/wp-json/oembed/1.0/embed301f]
[www.jump6.com/recipes/10-food-combinations-for-weigth-loss/866-375-2452]
[www.jump6.com/wp-content/uploads/2019/01/oatmeal-berries-1.jpg]
[www.jump6.com/wp-content/uploads/2019/01/OATMEAL-AND-BERRIES.jpg]
[www.jump6.com/wp-content/uploads/2019/01/YOGURT-AND-CINNAMON.jpg]
[www.jump6.com/wp-content/uploads/2019/01/HARD-BOILED-EGGS-AND-LEAFY-GREENS.jpg]
[www.jump6.com/wp-content/uploads/2019/01/TUNA-AND-GINGER.jpg]
[www.jump6.com/wp-content/uploads/2019/01/SPINACH-AND-COCONUT-OIL.jpg]
[www.jump6.com/wp-content/uploads/2019/01/LEGUMES-AND-CORN-.jpg]
[www.jump6.com/wp-content/uploads/2019/01/RED-GRAPES-AND-MELON.jpg]
[www.jump6.com/wp-content/uploads/2019/01/CHICKEN-AND-CAYENNE-PEPPER-.jpg]
[www.jump6.com/wp-content/uploads/2019/01/POTATOES-AND-PEPPER.jpg]
[www.jump6.com/recipes/10-food-combinations-for-weigth-loss/index.html]
[www.jump6.com/wp-json/oembed/1.0/embed1c9b.json]
[www.jump6.com/wp-json/oembed/1.0/embedce59]
[www.jump6.com/recipes/breakfast-recipes/866-375-2452]
[www.jump6.com/wp-content/uploads/2019/01/pea-1.jpg]
[www.jump6.com/wp-content/uploads/2019/01/oatm.jpg]
[www.jump6.com/wp-content/uploads/2019/01/egg.jpg]
[www.jump6.com/wp-content/uploads/2019/01/pea.jpg]
[www.jump6.com/recipes/breakfast-recipes/index.html]
[www.jump6.com/wp-json/oembed/1.0/embed2035.json]
[www.jump6.com/wp-json/oembed/1.0/embeda5ec]
[www.jump6.com/recipes/snack-ideas/866-375-2452]
[www.jump6.com/wp-content/uploads/2019/01/snack.jpg]
[www.jump6.com/wp-content/uploads/2019/01/youg.jpg]
[www.jump6.com/wp-content/uploads/2019/01/oat.jpg]
[www.jump6.com/recipes/snack-ideas/index.html]
[www.jump6.com/wp-json/oembed/1.0/embed2073.json]
[www.jump6.com/wp-json/oembed/1.0/embedf982]
[www.jump6.com/recipes/super-salads/866-375-2452]
[www.jump6.com/wp-content/uploads/2019/01/Sal.jpg]
[www.jump6.com/wp-content/uploads/2019/01/buffalo.jpg]
[www.jump6.com/buffalo-chicken-taco-salad/index.html]
[www.jump6.com/wp-content/uploads/2019/01/Stra.jpg]
[www.jump6.com/broccoli-apple-salad/index.html]
[www.jump6.com/wp-content/uploads/2019/01/BLT.jpg]
[www.jump6.com/kale-super-salad/index.html]
[www.jump6.com/wp-content/uploads/2019/01/med.jpg]
[www.jump6.com/recipes/super-salads/index.html]
[www.jump6.com/strawberry-chicken-feta-salad/index.html]
[www.jump6.com/blt-chicken-salad/index.html]
[www.jump6.com/mediterranean-3-bean-salad/index.html]
[www.jump6.com/wp-json/oembed/1.0/embedb0a7.json]
[www.jump6.com/wp-json/oembed/1.0/embed2962]
[www.jump6.com/recipes/what-is-clean-eating/866-375-2452]
[www.jump6.com/wp-content/uploads/2019/01/cl.png]
[www.jump6.com/wp-content/uploads/2019/01/claeaneatingmenu.jpg]
[www.jump6.com/wp-content/uploads/2019/01/clean-eating-menu.png]
[www.jump6.com/wp-content/uploads/2019/01/cleaneatingselections-2.jpg]
[www.jump6.com/wp-content/uploads/2019/01/brocoli.png]
[www.jump6.com/recipes/what-is-clean-eating/index.html]
[www.jump6.com/wp-json/oembed/1.0/embedcbbd.json]
[www.jump6.com/wp-json/oembed/1.0/embed75a8]
[www.jump6.com/recipes/simple-no-cook-snacks/866-375-2452]
[www.jump6.com/wp-content/uploads/2019/01/5-Simple-No-Cook-Snacks-to-Make-this-Week-2.jpg]
[img1.beachbodyimages.com/beachbody/image/upload/f_auto,q_auto/v1486753034/Simple_No-Cook_Snacks_6.jpg]
[img1.beachbodyimages.com/beachbody/image/upload/f_auto,q_auto/v1486753034/Simple_No-Cook_Snacks_5.jpg]
[img1.beachbodyimages.com/beachbody/image/upload/f_auto,q_auto/v1486753034/Simple_No-Cook_Snacks_4.jpg]
[img1.beachbodyimages.com/beachbody/image/upload/f_auto,q_auto/v1486753034/Simple_No-Cook_Snacks_3.jpg]
[img1.beachbodyimages.com/beachbody/image/upload/f_auto,q_auto/v1486753034/Simple_No-Cook_Snacks_2.jpg]
[www.jump6.com/recipes/simple-no-cook-snacks/index.html]
[www.jump6.com/index1385.html]
[www.jump6.com/uncategorized/the-lap-band-system-allows-you-to-lose-weight-effectively/866-375-2452.html]
[www.jump6.com/indexd2f9.html]
[www.jump6.com/uncategorized/patience-and-hard-work/866-375-2452.html]
[www.jump6.com/blog/page/3/866-375-2452.html]
[www.jump6.com/wp-json/oembed/1.0/embed9983.json]
[www.jump6.com/wp-json/oembed/1.0/embed1ce2]
[www.jump6.com/recipes/5-ways-lemon-apple-cider-boost-weight-loss-wellness/866-375-2452]
[www.jump6.com/wp-content/uploads/2019/01/lemon-apple-cider.jpg]
[www.jump6.com/recipes/5-ways-lemon-apple-cider-boost-weight-loss-wellness/index.html]
[www.jump6.com/wp-json/oembed/1.0/embed2695.json]
[www.jump6.com/wp-json/oembed/1.0/embed0472]
[www.jump6.com/recipes/how-to-boost-weight-loss-wellness-a-morning-drink-to-pave-the-way/866-375-2452]
[www.jump6.com/wp-content/uploads/2019/01/lemon-apple-cider-1.jpg]
[www.jump6.com/recipes/how-to-boost-weight-loss-wellness-a-morning-drink-to-pave-the-way/index.html]
[www.jump6.com/wp-json/oembed/1.0/embedc2fa.json]
[www.jump6.com/wp-json/oembed/1.0/embed7e0a]
[www.jump6.com/recipes/clean-recipes/866-375-2452]
[www.jump6.com/recipes/clean-recipes/index.html]
[www.jump6.com/wp-json/oembed/1.0/embed49a4.json]
[www.jump6.com/wp-json/oembed/1.0/embed8c16]
[www.jump6.com/recipes/healthy-lunch-wraps/866-375-2452]
[www.jump6.com/recipes/healthy-lunch-wraps/index.html]
[www.jump6.com/blog/page/4/866-375-2452.html]
[www.jump6.com/wp-json/oembed/1.0/embed2a9e.json]
[www.jump6.com/wp-json/oembed/1.0/embed4416]
[www.jump6.com/recipes/7-delicious-super-healthy-recipes-for-weight-loss/866-375-2452]
[www.jump6.com/recipes/7-delicious-super-healthy-recipes-for-weight-loss/index.html]
[www.jump6.com/wp-json/oembed/1.0/embed1f3d.json]
[www.jump6.com/wp-json/oembed/1.0/embed3468]
[www.jump6.com/recipes/a-clever-way-to-bake-several-flavors-of-chicken-all-at-once/866-375-2452]
[www.jump6.com/recipes/a-clever-way-to-bake-several-flavors-of-chicken-all-at-once/index.html]
[www.jump6.com/wp-json/oembed/1.0/embed931b.json]
[www.jump6.com/wp-json/oembed/1.0/embed73b9]
[www.jump6.com/recipes/oat-squares/866-375-2452]
[www.jump6.com/recipes/oat-squares/index.html]
[www.jump6.com/wp-json/oembed/1.0/embedbf1f.json]
[www.jump6.com/wp-json/oembed/1.0/embed4119]
[www.jump6.com/recipes/apple-peanut-butter-cookies-love-these/866-375-2452]
[www.jump6.com/recipes/apple-peanut-butter-cookies-love-these/index.html]
[www.jump6.com/wp-json/oembed/1.0/embed92e4.json]
[www.jump6.com/wp-json/oembed/1.0/embed8d92]
[www.jump6.com/recipes/oatmeal-bake-crock-pot-style-soooo-easy/866-375-2452]
[www.jump6.com/recipes/oatmeal-bake-crock-pot-style-soooo-easy/index.html]
[www.jump6.com/wp-json/oembed/1.0/embeded3a.json]
[www.jump6.com/wp-json/oembed/1.0/embedf54f]
[www.jump6.com/recipes/weight-loss-and-fat-burning-smoothies/866-375-2452]
[www.jump6.com/wp-content/uploads/2019/01/Screen_Shot_2017-02-09_at_10.07.00_AM.png]
[www.jump6.com/recipes/weight-loss-and-fat-burning-smoothies/index.html]
[www.jump6.com/wp-json/oembed/1.0/embeddd4d.json]
[www.jump6.com/wp-json/oembed/1.0/embedc235]
[www.jump6.com/recipes/meal-prep-ideas/866-375-2452]
[www.jump6.com/recipes/meal-prep-ideas/index.html]
[www.jump6.com/wp-json/oembed/1.0/embed5038.json]
[www.jump6.com/wp-json/oembed/1.0/embed8202]
[www.jump6.com/recipes/black-bean-chili/866-375-2452]
[www.jump6.com/wp-content/uploads/2019/01/blackbean-chili.png]
[www.jump6.com/recipes/black-bean-chili/index.html]
[www.jump6.com/blog/page/5/866-375-2452.html]
[www.jump6.com/blog/page/6/866-375-2452.html]
[www.jump6.com/2019/04/866-375-2452.html]
[www.jump6.com/2019/01/page/2/866-375-2452]
[www.jump6.com/2019/01/page/2/index.html]
[www.jump6.com/2019/01/866-375-2452.html]
[www.jump6.com/2019/01/page/3/866-375-2452]
[www.jump6.com/2019/01/page/3/index.html]
[www.jump6.com/2019/01/page/4/866-375-2452]
[www.jump6.com/2019/01/page/4/index.html]
[www.jump6.com/2017/08/866-375-2452.html]
[www.jump6.com/2017/07/866-375-2452.html]
[www.jump6.com/2017/06/866-375-2452.html]
[www.jump6.com/2011/03/866-375-2452.html]
[www.jump6.com/2011/02/866-375-2452.html]
[www.jump6.com/2011/01/866-375-2452.html]
[www.jump6.com/2010/09/866-375-2452.html]
[www.jump6.com/2010/05/866-375-2452.html]
[www.jump6.com/before-after-photos-toronto/patients/feed/index.html]
[www.jump6.com/before-after-photos-toronto/patients/866-375-2452.html]
[www.jump6.com/wp-json/oembed/1.0/embedb2b1.json]
[www.jump6.com/wp-json/oembed/1.0/embedd8fb]
[www.jump6.com/before-after-photos-toronto/patients/3519/866-375-2452]
[www.jump6.com/before-after-photos-toronto/patients/3519/index.html]
[www.jump6.com/indexc781.html]
[www.jump6.com/contact-weight-loss-surgeon-toronto/clinic-locations/dr-alrashid/866-375-2452.html]
[www.jump6.com/index7239.html]
[www.jump6.com/health-fitness-lifestyle-toronto/ready-to-jump-start-your-september/866-375-2452.html]
[www.jump6.com/index88b9.html]
[www.jump6.com/hipaa-privacy-policy/866-375-2452.html]
[www.jump6.com/category/recipes/page/2/866-375-2452.html]
[www.jump6.com/category/recipes/page/3/866-375-2452.html]
[www.jump6.com/indexf3ac.html]
[www.jump6.com/recipes/for-the-sweet-tooth/866-375-2452.html]
[www.jump6.com/index4538.html]
[www.jump6.com/recipes/10-food-combinations-for-weigth-loss/866-375-2452.html]
[www.jump6.com/index0bae.html]
[www.jump6.com/recipes/breakfast-recipes/866-375-2452.html]
[www.jump6.com/indexbe26.html]
[www.jump6.com/recipes/snack-ideas/866-375-2452.html]
[www.jump6.com/indexe4fa.html]
[www.jump6.com/recipes/super-salads/866-375-2452.html]
[www.jump6.com/buffalo-chicken-taco-salad/index.html]
[www.jump6.com/broccoli-apple-salad/index.html]
[www.jump6.com/kale-super-salad/index.html]
[www.jump6.com/strawberry-chicken-feta-salad/index.html]
[www.jump6.com/blt-chicken-salad/index.html]
[www.jump6.com/mediterranean-3-bean-salad/index.html]
[www.jump6.com/index4d34.html]
[www.jump6.com/recipes/what-is-clean-eating/866-375-2452.html]
[www.jump6.com/index0911.html]
[www.jump6.com/recipes/simple-no-cook-snacks/866-375-2452.html]
[www.jump6.com/index7f87.html]
[www.jump6.com/recipes/5-ways-lemon-apple-cider-boost-weight-loss-wellness/866-375-2452.html]
[www.jump6.com/index0ec2.html]
[www.jump6.com/recipes/how-to-boost-weight-loss-wellness-a-morning-drink-to-pave-the-way/866-375-2452.html]
[www.jump6.com/index5e2b.html]
[www.jump6.com/recipes/clean-recipes/866-375-2452.html]
[www.jump6.com/index0f42.html]
[www.jump6.com/recipes/healthy-lunch-wraps/866-375-2452.html]
[www.jump6.com/index40ae.html]
[www.jump6.com/recipes/7-delicious-super-healthy-recipes-for-weight-loss/866-375-2452.html]
[www.jump6.com/index2a95.html]
[www.jump6.com/recipes/a-clever-way-to-bake-several-flavors-of-chicken-all-at-once/866-375-2452.html]
[www.jump6.com/index7850.html]
[www.jump6.com/recipes/oat-squares/866-375-2452.html]
[www.jump6.com/index66ae.html]
[www.jump6.com/recipes/apple-peanut-butter-cookies-love-these/866-375-2452.html]
[www.jump6.com/indexf4cd.html]
[www.jump6.com/recipes/oatmeal-bake-crock-pot-style-soooo-easy/866-375-2452.html]
[www.jump6.com/indexca2b.html]
[www.jump6.com/recipes/weight-loss-and-fat-burning-smoothies/866-375-2452.html]
[www.jump6.com/index68e4.html]
[www.jump6.com/recipes/meal-prep-ideas/866-375-2452.html]
[www.jump6.com/indexb9a8.html]
[www.jump6.com/recipes/black-bean-chili/866-375-2452.html]
[www.jump6.com/2019/01/page/2/866-375-2452.html]
[www.jump6.com/2019/01/page/3/866-375-2452.html]
[www.jump6.com/2019/01/page/4/866-375-2452.html]
[www.jump6.com/index3e0b.html]
[www.jump6.com/before-after-photos-toronto/patients/3519/866-375-2452.html]
